== Sistema operativo y arquitectura ==
Linux
x86_64
Entorno: Ubuntu en WSL 2
PRETTY_NAME="Ubuntu 24.04.5 LTS"

== Shell por defecto ==
/bin/bash

== Espacio libre en disco (unidad del repositorio) ==
Filesystem      Size  Used Avail Use% Mounted on
/dev/sdd       1007G  2.2G  954G   1% /

== Memoria disponible para Linux y Docker ==
               total        used        free      shared  buff/cache   available
Mem:           7.8Gi       2.8Gi       251Mi       1.4Gi       6.3Gi       4.9Gi
Swap:          2.0Gi       5.8Mi       2.0Gi

== Herramientas de trabajo (Parte 0) ==
OK     git
OK     gh
OK     curl
OK     wget
OK     unzip
OK     jq
OK     tree
OK     htop
OK     tmux
OK     shellcheck

== Git ==
git version 2.43.0
marcosgueerrero@gmail.com
