====================================================
1. TABLESPACES CREADOS
====================================================

TABLESPACE_NAME 	       STATUS	 CONTENTS
------------------------------ --------- ---------------------
TS_ACADEMIA		       ONLINE	 PERMANENT
TS_CLINICA		       ONLINE	 PERMANENT
TS_FINTECH		       ONLINE	 PERMANENT
TS_LOGISTICA		       ONLINE	 PERMANENT
TS_RETAIL		       ONLINE	 PERMANENT

5 rows selected.


====================================================
2. USUARIOS Y ESQUEMAS CONFIGURADOS
====================================================

USERNAME															 ACCOUNT_STATUS 		  DEFAULT_TABLESPACE
-------------------------------------------------------------------------------------------------------------------------------- -------------------------------- ------------------------------
CREATED
---------
USR_ACADEMIA															 OPEN				  TS_ACADEMIA
04-OCT-26

USR_CLINICA															 OPEN				  TS_CLINICA
04-OCT-26

USR_FINTECH															 OPEN				  TS_FINTECH
04-OCT-26

USR_LOGISTICA															 OPEN				  TS_LOGISTICA
04-OCT-26

USR_RETAIL															 OPEN				  TS_RETAIL
04-OCT-26


5 rows selected.


====================================================
3. TABLAS POR ESQUEMA CREADAS
====================================================

OWNER
--------------------------------------------------------------------------------------------------------------------------------
TABLE_NAME															 TABLESPACE_NAME
-------------------------------------------------------------------------------------------------------------------------------- ------------------------------
USR_ACADEMIA
ESTUDIANTES															 TS_ACADEMIA

USR_CLINICA
PACIENTES															 TS_CLINICA

USR_FINTECH
CUENTAS 															 TS_FINTECH

USR_LOGISTICA
ENVIOS																 TS_LOGISTICA

USR_RETAIL
PRODUCTOS															 TS_RETAIL


5 rows selected.

